Microchip MPLAB XC8 Compiler V1.35 ()

Linker command line:

-W-3 --edf=D:\02School Applications\MAPLABX xc8 compiler\dat\en_msgs.txt \
  -cs -h+dist/default/production\CDIO_micro.X.production.sym \
  --cmf=dist/default/production\CDIO_micro.X.production.cmf -z -Q18F4550 \
  -oC:\Users\alexi\AppData\Local\Temp\sd0g.2 \
  -Mdist/default/production/CDIO_micro.X.production.map -E1 -ver=XC8 \
  -ASTACK=0C7h-07ffh -pstack=STACK -ACODE=01000h-07FFFh \
  -ACONST=01000h-07FFFh -ASMALLCONST=01000h-010FFhx112 \
  -AMEDIUMCONST=01000h-07FFFh -ACOMRAM=01h-05Fh -AABS1=00h-07FFh \
  -ABIGRAM=01h-07FFh -ARAM=060h-0FFh,0100h-01FFhx7 -ABANK0=060h-0FFh \
  -ABANK1=0100h-01FFh -ABANK2=0200h-02FFh -ABANK3=0300h-03FFh \
  -ABANK4=0400h-04FFh -ABANK5=0500h-05FFh -ABANK6=0600h-06FFh \
  -ABANK7=0700h-07FFh -ASFR=0F60h-0FFFh \
  -preset_vec=01000h,intcode=01008h,intcodelo,powerup,init,end_init \
  -pramtop=0800h -psmallconst=SMALLCONST -pmediumconst=MEDIUMCONST \
  -pconst=CONST -AFARRAM=00h-00h -ACONFIG=0300000h-030000Dh -pconfig=CONFIG \
  -AIDLOC=0200000h-0200007h -pidloc=IDLOC -AEEDATA=0F00000h-0F000FFh \
  -peeprom_data=EEDATA \
  -prdata=COMRAM,nvrram=COMRAM,nvbit=COMRAM,rbss=COMRAM,rbit=COMRAM \
  -pfarbss=FARRAM,fardata=FARRAM,nvFARRAM=FARRAM \
  -pintsave_regs=BIGRAM,bigbss=BIGRAM,bigdata=BIGRAM -pbss=RAM \
  -pidata=CODE,irdata=CODE,ibigdata=CODE,ifardata=CODE -prparam=COMRAM \
  C:\Users\alexi\AppData\Local\Temp\sd0g.obj \
  dist/default/production\CDIO_micro.X.production.obj 

Object code version is 3.11

Machine type is 18F4550

Call graph: (short form)




                Name                               Link     Load   Length Selector   Space Scale
C:\Users\alexi\AppData\Local\Temp\sd0g.obj
                end_init                           1016     1016        4      804       0
                reset_vec                          1000     1000        4      800       0
                idloc                            200000   200000        8   200000       0
                config                           300000   300000        E   300000       0
dist/default/production\CDIO_micro.X.production.obj
                intcode                            1008     1008        E      804       0
                temp                                 3E       3E        1        1       1
                smallconst                         101A     101A       14      80D       0
                text10                             161C     161C       3A      817       0
                text9                              1678     1678       22      817       0
                text8                              14C0     14C0       70      817       0
                text7                              13DE     13DE       72      817       0
                intcode_body                       1366     1366       78      817       0
                text5                              15DE     15DE       3E      817       0
                text4                              1656     1656       22      817       0
                text3                              1450     1450       70      817       0
                text2                              12E6     12E6       80      817       0
                text1                              1252     1252       94      817       0
                text0                              102E     102E      224      817       0
                cstackCOMRAM                          1        1       25        1       1
                cstackBANK0                          B4       B4       13       60       1
                dataBANK0                            60       60       54       60       1
                dataCOMRAM                           3A       3A        4        1       1
                bssCOMRAM                            26       26       14        1       1
                cinit                              1530     1530       5A      817       0
                idataBANK0                         158A     158A       54      817       0
                idataCOMRAM                        169A     169A        4      817       0

TOTAL           Name                               Link     Load   Length     Space
        CLASS   STACK          

        CLASS   CODE           
                end_init                           1016     1016        4         0
                intcode                            1008     1008        E         0
                reset_vec                          1000     1000        4         0
                text10                             161C     161C       3A         0
                text9                              1678     1678       22         0
                text8                              14C0     14C0       70         0
                text7                              13DE     13DE       72         0
                intcode_body                       1366     1366       78         0
                text5                              15DE     15DE       3E         0
                text4                              1656     1656       22         0
                text3                              1450     1450       70         0
                text2                              12E6     12E6       80         0
                text1                              1252     1252       94         0
                text0                              102E     102E      224         0
                cinit                              1530     1530       5A         0
                idataBANK0                         158A     158A       54         0
                idataCOMRAM                        169A     169A        4         0

        CLASS   CONST          

        CLASS   SMALLCONST     
                smallconst                         101A     101A       14         0

        CLASS   MEDIUMCONST    

        CLASS   COMRAM         
                temp                                 3E       3E        1         1
                cstackCOMRAM                          1        1       25         1
                dataCOMRAM                           3A       3A        4         1
                bssCOMRAM                            26       26       14         1

        CLASS   ABS1           

        CLASS   BIGRAM         

        CLASS   RAM            

        CLASS   BANK0          
                cstackBANK0                          B4       B4       13         1
                dataBANK0                            60       60       54         1

        CLASS   BANK1          

        CLASS   BANK2          

        CLASS   BANK3          

        CLASS   BANK4          

        CLASS   BANK5          

        CLASS   BANK6          

        CLASS   BANK7          

        CLASS   SFR            

        CLASS   FARRAM         

        CLASS   CONFIG         
                config                           300000   300000        E         0

        CLASS   IDLOC          
                idloc                            200000   200000        8         0

        CLASS   EEDATA         



SEGMENTS        Name                           Load    Length   Top    Selector   Space  Class

                cstackCOMRAM                   000001  00003E  00003F         1       1  COMRAM  
                dataBANK0                      000060  000067  0000C7        60       1  BANK0   
                reset_vec                      001000  000004  001004       800       0  CODE    
                intcode                        001008  000012  00101A       804       0  CODE    
                smallconst                     00101A  000014  00102E       80D       0  SMALLCON
                text0                          00102E  000670  00169E       817       0  CODE    
                idloc                          200000  000008  200008    200000       0  IDLOC   
                config                         300000  00000E  30000E    300000       0  CONFIG  


UNUSED ADDRESS RANGES

        Name                Unused          Largest block    Delta
        BANK0            0000C7-0000FF               39
        BANK1            000100-0001FF              100
        BANK2            000200-0002FF              100
        BANK3            000300-0003FF              100
        BANK4            000400-0004FF              100
        BANK5            000500-0005FF              100
        BANK6            000600-0006FF              100
        BANK7            000700-0007FF              100
        BIGRAM           00003F-00005F               21
                         0000C7-0007FF              739
        CODE             001004-001007                4
                         00169E-007FFF             6962
        COMRAM           00003F-00005F               21
        CONST            001004-001007                4
                         00169E-007FFF             6962
        EEDATA           F00000-F000FF              100
        FARRAM           000000-000000                1
        MEDIUMCONST      001004-001007                4
                         00169E-007FFF             6962
        RAM              0000C7-0007FF              100
        SFR              000F60-000FFF               A0
        SMALLCONST       001004-001007                4
                         00169E-007FFF              100
        STACK            0000C7-0007FF              739

                                  Symbol Table

_DisInt                   intcode      001008
_Message1                 dataBANK0    000060
_Message2                 dataBANK0    000075
_Message3                 dataBANK0    00008A
_Message4                 dataBANK0    00009F
_PORTB                    (abs)        000F81
_PORTBbits                (abs)        000F81
_PORTD                    (abs)        000F83
_PORTDbits                (abs)        000F83
_TRISD                    (abs)        000F95
__HRAM                    (abs)        000000
__Habs1                   abs1         000000
__Hbank0                  bank0        000000
__Hbank1                  bank1        000000
__Hbank2                  bank2        000000
__Hbank3                  bank3        000000
__Hbank4                  bank4        000000
__Hbank5                  bank5        000000
__Hbank6                  bank6        000000
__Hbank7                  bank7        000000
__Hbigbss                 bigbss       000000
__Hbigdata                bigdata      000000
__Hbigram                 bigram       000000
__Hbss                    bss          000000
__HbssCOMRAM              bssCOMRAM    000000
__Hcinit                  cinit        000000
__Hclrtext                clrtext      000000
__Hcomram                 comram       000000
__Hconfig                 config       30000E
__Hconst                  const        000000
__HcstackBANK0            cstackBANK0  000000
__HcstackCOMRAM           cstackCOMRAM 000000
__Hdata                   data         000000
__HdataBANK0              dataBANK0    000000
__HdataCOMRAM             dataCOMRAM   000000
__Heeprom_data            eeprom_data  000000
__Hend_init               end_init     00101A
__Hfarbss                 farbss       000000
__Hfardata                fardata      000000
__Hibigdata               ibigdata     000000
__Hidata                  idata        000000
__HidataBANK0             idataBANK0   000000
__HidataCOMRAM            idataCOMRAM  000000
__Hidloc                  idloc        200008
__Hifardata               ifardata     000000
__Hinit                   init         001016
__Hintcode                intcode      001016
__Hintcode_body           intcode_body 000000
__Hintcodelo              intcodelo    001016
__Hintentry               intentry     000000
__Hintret                 intret       000000
__Hintsave_regs           intsave_regs 000000
__Hirdata                 irdata       000000
__Hmediumconst            mediumconst  000000
__HnvFARRAM               nvFARRAM     000000
__Hnvbit                  nvbit        000000
__Hnvrram                 nvrram       000000
__Hparam                  rparam       000000
__Hpowerup                powerup      001016
__Hram                    ram          000000
__Hramtop                 ramtop       000800
__Hrbit                   rbit         000000
__Hrbss                   rbss         000000
__Hrdata                  rdata        000000
__Hreset_vec              reset_vec    001004
__Hrparam                 rparam       000000
__Hsfr                    sfr          000000
__Hsmallconst             smallconst   00102E
__Hspace_0                (abs)        30000E
__Hspace_1                (abs)        0000C7
__Hspace_2                (abs)        000000
__Hstack                  stack        000000
__Hstruct                 struct       000000
__Htemp                   temp         00003F
__Htext                   text         000000
__Htext0                  text0        000000
__Htext1                  text1        000000
__Htext10                 text10       000000
__Htext2                  text2        000000
__Htext3                  text3        000000
__Htext4                  text4        000000
__Htext5                  text5        000000
__Htext7                  text7        000000
__Htext8                  text8        000000
__Htext9                  text9        000000
__LRAM                    (abs)        000001
__Labs1                   abs1         000000
__Lbank0                  bank0        000000
__Lbank1                  bank1        000000
__Lbank2                  bank2        000000
__Lbank3                  bank3        000000
__Lbank4                  bank4        000000
__Lbank5                  bank5        000000
__Lbank6                  bank6        000000
__Lbank7                  bank7        000000
__Lbigbss                 bigbss       000000
__Lbigdata                bigdata      000000
__Lbigram                 bigram       000000
__Lbss                    bss          000000
__LbssCOMRAM              bssCOMRAM    000000
__Lcinit                  cinit        000000
__Lclrtext                clrtext      000000
__Lcomram                 comram       000000
__Lconfig                 config       300000
__Lconst                  const        000000
__LcstackBANK0            cstackBANK0  000000
__LcstackCOMRAM           cstackCOMRAM 000000
__Ldata                   data         000000
__LdataBANK0              dataBANK0    000000
__LdataCOMRAM             dataCOMRAM   000000
__Leeprom_data            eeprom_data  000000
__Lend_init               end_init     001016
__Lfarbss                 farbss       000000
__Lfardata                fardata      000000
__Libigdata               ibigdata     000000
__Lidata                  idata        000000
__LidataBANK0             idataBANK0   000000
__LidataCOMRAM            idataCOMRAM  000000
__Lidloc                  idloc        200000
__Lifardata               ifardata     000000
__Linit                   init         001016
__Lintcode                intcode      001008
__Lintcode_body           intcode_body 000000
__Lintcodelo              intcodelo    001016
__Lintentry               intentry     000000
__Lintret                 intret       000000
__Lintsave_regs           intsave_regs 000000
__Lirdata                 irdata       000000
__Lmediumconst            mediumconst  000000
__LnvFARRAM               nvFARRAM     000000
__Lnvbit                  nvbit        000000
__Lnvrram                 nvrram       000000
__Lparam                  rparam       000000
__Lpowerup                powerup      001016
__Lram                    ram          000000
__Lramtop                 ramtop       000800
__Lrbit                   rbit         000000
__Lrbss                   rbss         000000
__Lrdata                  rdata        000000
__Lreset_vec              reset_vec    001000
__Lrparam                 rparam       000000
__Lsfr                    sfr          000000
__Lsmallconst             smallconst   00101A
__Lspace_0                (abs)        000000
__Lspace_1                (abs)        000000
__Lspace_2                (abs)        000000
__Lstack                  stack        000000
__Lstruct                 struct       000000
__Ltemp                   temp         00003E
__Ltext                   text         000000
__Ltext0                  text0        000000
__Ltext1                  text1        000000
__Ltext10                 text10       000000
__Ltext2                  text2        000000
__Ltext3                  text3        000000
__Ltext4                  text4        000000
__Ltext5                  text5        000000
__Ltext7                  text7        000000
__Ltext8                  text8        000000
__Ltext9                  text9        000000
__S0                      (abs)        30000E
__S1                      (abs)        0000C7
__S2                      (abs)        000000
___inthi_sp               stack        000000
___intlo_sp               stack        000000
___param_bank             (abs)        000010
___rparam_used            (abs)        000001
___sp                     stack        000000
__accesstop               (abs)        000060
__activetblptr            (abs)        000002
__end_of_DisInt           intcode_body 0013DE
__end_of__initialization  cinit        00157C
__end_of_getkey           text5        00161C
__end_of_lcd_init         text2        001366
__end_of_lcd_strobe       text4        001678
__end_of_lcd_write_cmd    text3        0014C0
__end_of_lcd_write_data   text1        0012E6
__end_of_main             text0        001252
__end_ofgetkey@F4444      smallconst   00102D
__end_ofi2_getkey         text10       001656
__end_ofi2_lcd_init       text7        001450
__end_ofi2_lcd_strobe     text9        00169A
__end_ofi2_lcd_write_cmd  text8        001530
__initialization          cinit        001530
__mediumconst             mediumconst  000000
__pbssCOMRAM              bssCOMRAM    000026
__pcinit                  cinit        001530
__pcstackBANK0            cstackBANK0  0000B4
__pcstackCOMRAM           cstackCOMRAM 000001
__pdataBANK0              dataBANK0    000060
__pdataCOMRAM             dataCOMRAM   00003A
__pidataBANK0             idataBANK0   00158A
__pidataCOMRAM            idataCOMRAM  00169A
__pintcode                intcode      001008
__pintcode_body           intcode_body 001366
__psmallconst             smallconst   00101A
__ptext0                  text0        00102E
__ptext1                  text1        001252
__ptext10                 text10       00161C
__ptext2                  text2        0012E6
__ptext3                  text3        001450
__ptext4                  text4        001656
__ptext5                  text5        0015DE
__ptext7                  text7        0013DE
__ptext8                  text8        0014C0
__ptext9                  text9        001678
__ramtop                  ramtop       000800
__size_of_DisInt          (abs)        000000
__size_of_getkey          (abs)        000000
__size_of_lcd_init        (abs)        000000
__size_of_lcd_strobe      (abs)        000000
__size_of_lcd_write_cmd   (abs)        000000
__size_of_lcd_write_data  (abs)        000000
__size_of_main            (abs)        000000
__size_ofi2_getkey        (abs)        000000
__size_ofi2_lcd_init      (abs)        000000
__size_ofi2_lcd_strobe    (abs)        000000
__size_ofi2_lcd_write_cmd (abs)        000000
__smallconst              smallconst   00101A
_comopt                   bssCOMRAM    000036
_getkey                   text5        0015DE
_h1                       bssCOMRAM    000026
_h2                       bssCOMRAM    000028
_i                        bssCOMRAM    00002A
_key                      bssCOMRAM    000037
_lcd_init                 text2        0012E6
_lcd_strobe               text4        001656
_lcd_write_cmd            text3        001450
_lcd_write_data           text1        001252
_loop                     dataCOMRAM   00003A
_loop1                    dataCOMRAM   00003C
_m1                       bssCOMRAM    00002C
_m2                       bssCOMRAM    00002E
_main                     text0        00102E
_outchar                  bssCOMRAM    000038
_state                    bssCOMRAM    000030
_state1                   bssCOMRAM    000032
_state2                   bssCOMRAM    000034
_wrtopt                   bssCOMRAM    000039
btemp                     temp         00003E
end_of_initialization     cinit        00157C
getkey@F4444              smallconst   00101B
getkey@keycode            cstackBANK0  0000C6
getkey@lookup             cstackBANK0  0000B4
i2_getkey                 text10       00161C
i2_lcd_init               text7        0013DE
i2_lcd_strobe             text9        001678
i2_lcd_write_cmd          text8        0014C0
i2getkey@keycode          cstackCOMRAM 000013
i2getkey@lookup           cstackCOMRAM 000001
i2lcd_init@i              cstackCOMRAM 000006
i2lcd_write_cmd@cmd       cstackCOMRAM 000003
i2lcd_write_cmd@temp2     cstackCOMRAM 000004
int$flags                 temp         00003E
int_func                  intcode_body 001366
intlevel0                 text         000000
intlevel1                 text         000000
intlevel2                 text         000000
intlevel3                 text         000000
lcd_init@i                cstackBANK0  0000B5
lcd_write_cmd@cmd         cstackCOMRAM 000024
lcd_write_cmd@temp2       cstackCOMRAM 000025
lcd_write_data@data       cstackCOMRAM 000024
lcd_write_data@temp1      cstackCOMRAM 000025
stackhi                   (abs)        0007FF
stacklo                   (abs)        0000C7
start                     init         001016
start_initialization      cinit        001530


FUNCTION INFORMATION:

 *************** function _main *****************
 Defined at:
		line 51 in file "Test.c"
 Parameters:    Size  Location     Type
		None
 Auto vars:     Size  Location     Type
		None
 Return value:  Size  Location     Type
		None               void
 Registers used:
		wreg, fsr2l, fsr2h, status,2, status,0, tblptrl, tblptrh, tblptru, prodl, prodh, cstack
 Tracked objects:
		On entry : 
		On exit  : 
		Unchanged: 
 Data sizes:     COMRAM   BANK0   BANK1   BANK2   BANK3   BANK4   BANK5   BANK6   BANK7
      Params:         0       0       0       0       0       0       0       0       0
      Locals:         0       0       0       0       0       0       0       0       0
      Temps:          0       0       0       0       0       0       0       0       0
      Totals:         0       0       0       0       0       0       0       0       0
Total ram usage:        0 bytes
 Hardware stack levels required when called:    7
 This function calls:
		_getkey
		_lcd_init
		_lcd_write_cmd
		_lcd_write_data
 This function is called by:
		Startup code after reset
 This function uses a non-reentrant model


 *************** function _lcd_write_data *****************
 Defined at:
		line 43 in file "lcd_utilities.c"
 Parameters:    Size  Location     Type
  data            1    wreg     unsigned char 
 Auto vars:     Size  Location     Type
  data            1   35[COMRAM] unsigned char 
  temp1           1   36[COMRAM] unsigned char 
 Return value:  Size  Location     Type
		None               void
 Registers used:
		wreg, status,2, status,0, cstack
 Tracked objects:
		On entry : 
		On exit  : 
		Unchanged: 
 Data sizes:     COMRAM   BANK0   BANK1   BANK2   BANK3   BANK4   BANK5   BANK6   BANK7
      Params:         0       0       0       0       0       0       0       0       0
      Locals:         2       0       0       0       0       0       0       0       0
      Temps:          1       0       0       0       0       0       0       0       0
      Totals:         3       0       0       0       0       0       0       0       0
Total ram usage:        3 bytes
 Hardware stack levels used:    1
 Hardware stack levels required when called:    5
 This function calls:
		_lcd_strobe
 This function is called by:
		_main
		_TimeDisplay
 This function uses a non-reentrant model


 *************** function _lcd_init *****************
 Defined at:
		line 83 in file "lcd_utilities.c"
 Parameters:    Size  Location     Type
		None
 Auto vars:     Size  Location     Type
  i               2    1[BANK0 ] int 
 Return value:  Size  Location     Type
		None               void
 Registers used:
		wreg, status,2, status,0, cstack
 Tracked objects:
		On entry : 
		On exit  : 
		Unchanged: 
 Data sizes:     COMRAM   BANK0   BANK1   BANK2   BANK3   BANK4   BANK5   BANK6   BANK7
      Params:         0       0       0       0       0       0       0       0       0
      Locals:         0       2       0       0       0       0       0       0       0
      Temps:          0       1       0       0       0       0       0       0       0
      Totals:         0       3       0       0       0       0       0       0       0
Total ram usage:        3 bytes
 Hardware stack levels used:    1
 Hardware stack levels required when called:    6
 This function calls:
		_lcd_write_cmd
 This function is called by:
		_main
		_TimeDisplay
 This function uses a non-reentrant model


 *************** function _lcd_write_cmd *****************
 Defined at:
		line 18 in file "lcd_utilities.c"
 Parameters:    Size  Location     Type
  cmd             1    wreg     unsigned char 
 Auto vars:     Size  Location     Type
  cmd             1   35[COMRAM] unsigned char 
  temp2           1   36[COMRAM] unsigned char 
 Return value:  Size  Location     Type
		None               void
 Registers used:
		wreg, status,2, status,0, cstack
 Tracked objects:
		On entry : 
		On exit  : 
		Unchanged: 
 Data sizes:     COMRAM   BANK0   BANK1   BANK2   BANK3   BANK4   BANK5   BANK6   BANK7
      Params:         0       0       0       0       0       0       0       0       0
      Locals:         2       0       0       0       0       0       0       0       0
      Temps:          1       0       0       0       0       0       0       0       0
      Totals:         3       0       0       0       0       0       0       0       0
Total ram usage:        3 bytes
 Hardware stack levels used:    1
 Hardware stack levels required when called:    5
 This function calls:
		_lcd_strobe
 This function is called by:
		_main
		_lcd_init
		_TimeDisplay
 This function uses a non-reentrant model


 *************** function _lcd_strobe *****************
 Defined at:
		line 73 in file "lcd_utilities.c"
 Parameters:    Size  Location     Type
		None
 Auto vars:     Size  Location     Type
		None
 Return value:  Size  Location     Type
		None               void
 Registers used:
		wreg
 Tracked objects:
		On entry : 
		On exit  : 
		Unchanged: 
 Data sizes:     COMRAM   BANK0   BANK1   BANK2   BANK3   BANK4   BANK5   BANK6   BANK7
      Params:         0       0       0       0       0       0       0       0       0
      Locals:         0       0       0       0       0       0       0       0       0
      Temps:          1       0       0       0       0       0       0       0       0
      Totals:         1       0       0       0       0       0       0       0       0
Total ram usage:        1 bytes
 Hardware stack levels used:    1
 Hardware stack levels required when called:    4
 This function calls:
		Nothing
 This function is called by:
		_lcd_write_cmd
		_lcd_write_data
 This function uses a non-reentrant model


 *************** function _getkey *****************
 Defined at:
		line 17 in file "keypad_utilities.c"
 Parameters:    Size  Location     Type
		None
 Auto vars:     Size  Location     Type
  lookup         18    0[BANK0 ] const unsigned char [18]
  keycode         1   18[BANK0 ] unsigned char 
 Return value:  Size  Location     Type
                  1    wreg      unsigned char 
 Registers used:
		wreg, fsr2l, fsr2h, status,2, status,0, tblptrl, tblptrh, tblptru, prodl, prodh
 Tracked objects:
		On entry : 
		On exit  : 
		Unchanged: 
 Data sizes:     COMRAM   BANK0   BANK1   BANK2   BANK3   BANK4   BANK5   BANK6   BANK7
      Params:         0       0       0       0       0       0       0       0       0
      Locals:         0      19       0       0       0       0       0       0       0
      Temps:          0       0       0       0       0       0       0       0       0
      Totals:         0      19       0       0       0       0       0       0       0
Total ram usage:       19 bytes
 Hardware stack levels used:    1
 Hardware stack levels required when called:    4
 This function calls:
		Nothing
 This function is called by:
		_main
 This function uses a non-reentrant model


 *************** function _DisInt *****************
 Defined at:
		line 26 in file "Test.c"
 Parameters:    Size  Location     Type
		None
 Auto vars:     Size  Location     Type
		None
 Return value:  Size  Location     Type
		None               void
 Registers used:
		wreg, fsr2l, fsr2h, status,2, status,0, tblptrl, tblptrh, tblptru, prodl, prodh, cstack
 Tracked objects:
		On entry : 
		On exit  : 
		Unchanged: 
 Data sizes:     COMRAM   BANK0   BANK1   BANK2   BANK3   BANK4   BANK5   BANK6   BANK7
      Params:         0       0       0       0       0       0       0       0       0
      Locals:         0       0       0       0       0       0       0       0       0
      Temps:         14       0       0       0       0       0       0       0       0
      Totals:        14       0       0       0       0       0       0       0       0
Total ram usage:       14 bytes
 Hardware stack levels used:    1
 Hardware stack levels required when called:    3
 This function calls:
		i2_getkey
		i2_lcd_init
 This function is called by:
		Interrupt level 2
 This function uses a non-reentrant model


 *************** function i2_lcd_init *****************
 Defined at:
		line 83 in file "lcd_utilities.c"
 Parameters:    Size  Location     Type
		None
 Auto vars:     Size  Location     Type
  lcd_init        2    5[COMRAM] int 
 Return value:  Size  Location     Type
		None               void
 Registers used:
		wreg, status,2, status,0, cstack
 Tracked objects:
		On entry : 
		On exit  : 
		Unchanged: 
 Data sizes:     COMRAM   BANK0   BANK1   BANK2   BANK3   BANK4   BANK5   BANK6   BANK7
      Params:         0       0       0       0       0       0       0       0       0
      Locals:         2       0       0       0       0       0       0       0       0
      Temps:          1       0       0       0       0       0       0       0       0
      Totals:         3       0       0       0       0       0       0       0       0
Total ram usage:        3 bytes
 Hardware stack levels used:    1
 Hardware stack levels required when called:    2
 This function calls:
		i2_lcd_write_cmd
 This function is called by:
		_DisInt
 This function uses a non-reentrant model


 *************** function i2_lcd_write_cmd *****************
 Defined at:
		line 18 in file "lcd_utilities.c"
 Parameters:    Size  Location     Type
  cmd             1    wreg     unsigned char 
 Auto vars:     Size  Location     Type
  cmd             1    2[COMRAM] unsigned char 
  lcd_write_cm    1    3[COMRAM] unsigned char 
 Return value:  Size  Location     Type
		None               void
 Registers used:
		wreg, status,2, status,0, cstack
 Tracked objects:
		On entry : 
		On exit  : 
		Unchanged: 
 Data sizes:     COMRAM   BANK0   BANK1   BANK2   BANK3   BANK4   BANK5   BANK6   BANK7
      Params:         0       0       0       0       0       0       0       0       0
      Locals:         2       0       0       0       0       0       0       0       0
      Temps:          1       0       0       0       0       0       0       0       0
      Totals:         3       0       0       0       0       0       0       0       0
Total ram usage:        3 bytes
 Hardware stack levels used:    1
 Hardware stack levels required when called:    1
 This function calls:
		i2_lcd_strobe
 This function is called by:
		i2_lcd_init
 This function uses a non-reentrant model


 *************** function i2_lcd_strobe *****************
 Defined at:
		line 73 in file "lcd_utilities.c"
 Parameters:    Size  Location     Type
		None
 Auto vars:     Size  Location     Type
		None
 Return value:  Size  Location     Type
		None               void
 Registers used:
		wreg
 Tracked objects:
		On entry : 
		On exit  : 
		Unchanged: 
 Data sizes:     COMRAM   BANK0   BANK1   BANK2   BANK3   BANK4   BANK5   BANK6   BANK7
      Params:         0       0       0       0       0       0       0       0       0
      Locals:         0       0       0       0       0       0       0       0       0
      Temps:          1       0       0       0       0       0       0       0       0
      Totals:         1       0       0       0       0       0       0       0       0
Total ram usage:        1 bytes
 Hardware stack levels used:    1
 This function calls:
		Nothing
 This function is called by:
		i2_lcd_write_cmd
 This function uses a non-reentrant model


 *************** function i2_getkey *****************
 Defined at:
		line 17 in file "keypad_utilities.c"
 Parameters:    Size  Location     Type
		None
 Auto vars:     Size  Location     Type
  getkey         18    0[COMRAM] const unsigned char [18]
  getkey          1   18[COMRAM] unsigned char 
 Return value:  Size  Location     Type
                  1    wreg      unsigned char 
 Registers used:
		wreg, fsr2l, fsr2h, status,2, status,0, tblptrl, tblptrh, tblptru, prodl, prodh
 Tracked objects:
		On entry : 
		On exit  : 
		Unchanged: 
 Data sizes:     COMRAM   BANK0   BANK1   BANK2   BANK3   BANK4   BANK5   BANK6   BANK7
      Params:         0       0       0       0       0       0       0       0       0
      Locals:        19       0       0       0       0       0       0       0       0
      Temps:          0       0       0       0       0       0       0       0       0
      Totals:        19       0       0       0       0       0       0       0       0
Total ram usage:       19 bytes
 Hardware stack levels used:    1
 This function calls:
		Nothing
 This function is called by:
		_DisInt
 This function uses a non-reentrant model



MODULE INFORMATION

Module		Function		Class		Link	Load	Size
lcd_utilities.c
		_lcd_write_data		CODE           	1252	0000	149
		_lcd_write_cmd 		CODE           	1450	0000	113
		_lcd_strobe    		CODE           	1656	0000	35
		_lcd_init      		CODE           	12E6	0000	129

lcd_utilities.c estimated size: 426

keypad_utilities.c
		_getkey        		CODE           	15DE	0000	63

keypad_utilities.c estimated size: 63

shared
		i2_getkey      		CODE           	161C	0000	59
		i2_lcd_write_cmd		CODE           	14C0	0000	113
		__initialization		CODE           	1530	0000	77
		i2_lcd_strobe  		CODE           	1678	0000	35
		getkey@F4444   		SMALLCONST     	101B	0000	19
		i2_lcd_init    		CODE           	13DE	0000	115

shared estimated size: 418

Test.c
		_DisInt        		CODE           	1008	0000	135
		_main          		CODE           	102E	0000	549

Test.c estimated size: 684

