Microchip MPLAB XC8 Compiler V1.35 ()

Linker command line:

-W-3 --edf=D:\02School Applications\MAPLABX xc8 compiler\dat\en_msgs.txt \
  -cs -h+dist/default/production\CDIO_micro_try3.production.sym \
  --cmf=dist/default/production\CDIO_micro_try3.production.cmf -z -Q18F4550 \
  -oC:\Users\alexi\AppData\Local\Temp\saik.2 \
  -Mdist/default/production/CDIO_micro_try3.production.map -E1 -ver=XC8 \
  -ASTACK=01CDh-07ffh -pstack=STACK -ACODE=01000h-07FFFh \
  -ACONST=01000h-07FFFh -ASMALLCONST=01000h-010FFhx112 \
  -AMEDIUMCONST=01000h-07FFFh -ACOMRAM=01h-05Fh -AABS1=00h-07FFh \
  -ABIGRAM=01h-07FFh -ARAM=060h-0FFh,0100h-01FFhx7 -ABANK0=060h-0FFh \
  -ABANK1=0100h-01FFh -ABANK2=0200h-02FFh -ABANK3=0300h-03FFh \
  -ABANK4=0400h-04FFh -ABANK5=0500h-05FFh -ABANK6=0600h-06FFh \
  -ABANK7=0700h-07FFh -ASFR=0F60h-0FFFh \
  -preset_vec=01000h,intcode=01008h,intcodelo,powerup,init,end_init \
  -pramtop=0800h -psmallconst=SMALLCONST -pmediumconst=MEDIUMCONST \
  -pconst=CONST -AFARRAM=00h-00h -ACONFIG=0300000h-030000Dh -pconfig=CONFIG \
  -AIDLOC=0200000h-0200007h -pidloc=IDLOC -AEEDATA=0F00000h-0F000FFh \
  -peeprom_data=EEDATA \
  -prdata=COMRAM,nvrram=COMRAM,nvbit=COMRAM,rbss=COMRAM,rbit=COMRAM \
  -pfarbss=FARRAM,fardata=FARRAM,nvFARRAM=FARRAM \
  -pintsave_regs=BIGRAM,bigbss=BIGRAM,bigdata=BIGRAM -pbss=RAM \
  -pidata=CODE,irdata=CODE,ibigdata=CODE,ifardata=CODE -prparam=COMRAM \
  C:\Users\alexi\AppData\Local\Temp\saik.obj \
  dist/default/production\CDIO_micro_try3.production.obj 

Object code version is 3.11

Machine type is 18F4550

Call graph: (short form)




                Name                               Link     Load   Length Selector   Space Scale
C:\Users\alexi\AppData\Local\Temp\saik.obj
                end_init                           1016     1016        4      804       0
                reset_vec                          1000     1000        4      800       0
                idloc                            200000   200000        8   200000       0
                config                           300000   300000        E   300000       0
dist/default/production\CDIO_micro_try3.production.obj
                intcode                            1008     1008        E      804       0
                temp                                 42       42        1        1       1
                smallconst                         101A     101A       14      80D       0
                text20                             1D1A     1D1A       84      E08       0
                text19                             1F16     1F16       76      E08       0
                text18                             20DC     20DC       26      E08       0
                text17                             2102     2102       22      E08       0
                text16                             1F8C     1F8C       70      E08       0
                text15                             1AE8     1AE8       94      817       0
                intcode_body                       1306     1306      202      817       0
                text13                             2080     2080       36      E08       0
                text12                             1E9C     1E9C       7A      E08       0
                text11                             1FFC     1FFC       46      E08       0
                text10                             2042     2042       3E      E08       0
                text9                              20B6     20B6       26      E08       0
                text8                              1C96     1C96       84      E08       0
                text7                              1A3C     1A3C       AC      817       0
                text6                              1912     1912      12A      817       0
                text5                              17E8     17E8      12A      817       0
                text4                              16BE     16BE      12A      817       0
                text3                              1E1E     1E1E       7E      E08       0
                text2                              1508     1508      1B6      817       0
                text1                              1D9E     1D9E       80      E08       0
                text0                              102E     102E      2D8      817       0
                cstackCOMRAM                          1        1       22        1       1
                cstackBANK0                          60       60       38       60       1
                cstackBANK1                         193      193       3A      100       1
                dataBANK1                           100      100       93      100       1
                dataBANK0                            B3       B3       15       60       1
                bssBANK0                             98       98       1B       60       1
                dataCOMRAM                           23       23       15        1       1
                bssCOMRAM                            38       38        A        1       1
                cinit                              1C10     1C10       86      E08       0
                idataBANK1                         1B7C     1B7C       93      817       0
                idataBANK0                         2139     2139       15      E08       0
                idataCOMRAM                        2124     2124       15      E08       0

TOTAL           Name                               Link     Load   Length     Space
        CLASS   STACK          

        CLASS   CODE           
                end_init                           1016     1016        4         0
                intcode                            1008     1008        E         0
                reset_vec                          1000     1000        4         0
                text20                             1D1A     1D1A       84         0
                text19                             1F16     1F16       76         0
                text18                             20DC     20DC       26         0
                text17                             2102     2102       22         0
                text16                             1F8C     1F8C       70         0
                text15                             1AE8     1AE8       94         0
                intcode_body                       1306     1306      202         0
                text13                             2080     2080       36         0
                text12                             1E9C     1E9C       7A         0
                text11                             1FFC     1FFC       46         0
                text10                             2042     2042       3E         0
                text9                              20B6     20B6       26         0
                text8                              1C96     1C96       84         0
                text7                              1A3C     1A3C       AC         0
                text6                              1912     1912      12A         0
                text5                              17E8     17E8      12A         0
                text4                              16BE     16BE      12A         0
                text3                              1E1E     1E1E       7E         0
                text2                              1508     1508      1B6         0
                text1                              1D9E     1D9E       80         0
                text0                              102E     102E      2D8         0
                cinit                              1C10     1C10       86         0
                idataBANK1                         1B7C     1B7C       93         0
                idataBANK0                         2139     2139       15         0
                idataCOMRAM                        2124     2124       15         0

        CLASS   CONST          

        CLASS   SMALLCONST     
                smallconst                         101A     101A       14         0

        CLASS   MEDIUMCONST    

        CLASS   COMRAM         
                temp                                 42       42        1         1
                cstackCOMRAM                          1        1       22         1
                dataCOMRAM                           23       23       15         1
                bssCOMRAM                            38       38        A         1

        CLASS   ABS1           

        CLASS   BIGRAM         

        CLASS   RAM            

        CLASS   BANK0          
                cstackBANK0                          60       60       38         1
                dataBANK0                            B3       B3       15         1
                bssBANK0                             98       98       1B         1

        CLASS   BANK1          
                cstackBANK1                         193      193       3A         1
                dataBANK1                           100      100       93         1

        CLASS   BANK2          

        CLASS   BANK3          

        CLASS   BANK4          

        CLASS   BANK5          

        CLASS   BANK6          

        CLASS   BANK7          

        CLASS   SFR            

        CLASS   FARRAM         

        CLASS   CONFIG         
                config                           300000   300000        E         0

        CLASS   IDLOC          
                idloc                            200000   200000        8         0

        CLASS   EEDATA         



SEGMENTS        Name                           Load    Length   Top    Selector   Space  Class

                cstackCOMRAM                   000001  000042  000043         1       1  COMRAM  
                cstackBANK0                    000060  000068  0000C8        60       1  BANK0   
                dataBANK1                      000100  0000CD  0001CD       100       1  BANK1   
                reset_vec                      001000  000004  001004       800       0  CODE    
                intcode                        001008  000012  00101A       804       0  CODE    
                smallconst                     00101A  000014  00102E       80D       0  SMALLCON
                text0                          00102E  000BE1  001C0F       817       0  CODE    
                cinit                          001C10  00053E  00214E       E08       0  CODE    
                idloc                          200000  000008  200008    200000       0  IDLOC   
                config                         300000  00000E  30000E    300000       0  CONFIG  


UNUSED ADDRESS RANGES

        Name                Unused          Largest block    Delta
        BANK0            0000C8-0000FF               38
        BANK1            0001CD-0001FF               33
        BANK2            000200-0002FF              100
        BANK3            000300-0003FF              100
        BANK4            000400-0004FF              100
        BANK5            000500-0005FF              100
        BANK6            000600-0006FF              100
        BANK7            000700-0007FF              100
        BIGRAM           000043-00005F               1D
                         0000C8-0000FF               38
                         0001CD-0007FF              633
        CODE             001004-001007                4
                         001C0F-001C0F                1
                         00214E-007FFF             5EB2
        COMRAM           000043-00005F               1D
        CONST            001004-001007                4
                         001C0F-001C0F                1
                         00214E-007FFF             5EB2
        EEDATA           F00000-F000FF              100
        FARRAM           000000-000000                1
        MEDIUMCONST      001004-001007                4
                         001C0F-001C0F                1
                         00214E-007FFF             5EB2
        RAM              0000C8-0000FF               38
                         0001CD-0007FF              100
        SFR              000F60-000FFF               A0
        SMALLCONST       001004-001007                4
                         001C0F-001C0F                1
                         00214E-007FFF              100
        STACK            0001CD-0007FF              633

                                  Symbol Table

?___awdiv                  cstackCOMRAM 000001
?___wmul                   cstackBANK0  000060
?i2___wmul                 cstackCOMRAM 000001
CompartDtime@F4528         dataBANK1    000100
CompartDtime@Message       cstackBANK0  000075
CompartDtime@ctemp         cstackBANK0  000093
CompartDtime@dArr          cstackBANK0  00008A
CompartDtime@i             cstackBANK0  000094
CompartDtime@msgindex      cstackBANK0  000096
CompartDtime@outchar       cstackBANK0  000092
CompartEtime@F4520         dataBANK1    000115
CompartEtime@Message       cstackBANK0  000075
CompartEtime@ctemp         cstackBANK0  000093
CompartEtime@eArr          cstackBANK0  00008A
CompartEtime@i             cstackBANK0  000094
CompartEtime@msgindex      cstackBANK0  000096
CompartEtime@outchar       cstackBANK0  000092
CompartFtime@F4513         dataBANK1    00012A
CompartFtime@Message       cstackBANK0  000075
CompartFtime@ctemp         cstackBANK0  00008B
CompartFtime@i             cstackBANK0  00008C
CompartFtime@msgindex      cstackBANK0  00008E
CompartFtime@outchar       cstackBANK0  00008A
ISR_Timer0_Int@hour1       cstackCOMRAM 000017
ISR_Timer0_Int@hour10      cstackCOMRAM 00001D
ISR_Timer0_Int@minute1     cstackCOMRAM 000019
ISR_Timer0_Int@minute10    cstackCOMRAM 00001F
ISR_Timer0_Int@second1     cstackCOMRAM 00001B
ISR_Timer0_Int@second10    cstackCOMRAM 000021
SetupAlarmTime@F4507       dataBANK0    0000B3
SetupAlarmTime@Message     cstackBANK0  000073
SetupAlarmTime@ctemp       cstackBANK0  000089
SetupAlarmTime@msgindex    cstackBANK0  00008A
SetupAlarmTime@outchar     cstackBANK0  000088
SetupTime@F4496            dataCOMRAM   000023
SetupTime@Message          cstackBANK0  000077
SetupTime@ctemp            cstackBANK0  00008D
SetupTime@i                cstackBANK0  00008E
SetupTime@msgindex         cstackBANK0  000090
SetupTime@outchar          cstackBANK0  00008C
SetupTime@setuptime        cstackBANK0  000073
_ADCON1                    (abs)        000FC1
_ADCON1bits                (abs)        000FC1
_ComOpt                    bssBANK0     0000B2
_CompartDtime              text6        001912
_CompartEtime              text5        0017E8
_CompartFtime              text4        0016BE
_INTCONbits                (abs)        000FF2
_ISR_Timer0_Int            intcode      001008
_PORTAbits                 (abs)        000F80
_PORTB                     (abs)        000F81
_PORTBbits                 (abs)        000F81
_PORTCbits                 (abs)        000F82
_PORTD                     (abs)        000F83
_PORTDbits                 (abs)        000F83
_SetupAlarmTime            text3        001E1E
_SetupTime                 text2        001508
_T0CON                     (abs)        000FD5
_TMR0H                     (abs)        000FD7
_TMR0L                     (abs)        000FD6
_TRISA                     (abs)        000F92
_TRISC                     (abs)        000F94
_TRISD                     (abs)        000F95
__HRAM                     (abs)        000000
__Habs1                    abs1         000000
__Hbank0                   bank0        000000
__Hbank1                   bank1        000000
__Hbank2                   bank2        000000
__Hbank3                   bank3        000000
__Hbank4                   bank4        000000
__Hbank5                   bank5        000000
__Hbank6                   bank6        000000
__Hbank7                   bank7        000000
__Hbigbss                  bigbss       000000
__Hbigdata                 bigdata      000000
__Hbigram                  bigram       000000
__Hbss                     bss          000000
__HbssBANK0                bssBANK0     000000
__HbssCOMRAM               bssCOMRAM    000000
__Hcinit                   cinit        000000
__Hclrtext                 clrtext      000000
__Hcomram                  comram       000000
__Hconfig                  config       30000E
__Hconst                   const        000000
__HcstackBANK0             cstackBANK0  000000
__HcstackBANK1             cstackBANK1  000000
__HcstackCOMRAM            cstackCOMRAM 000000
__Hdata                    data         000000
__HdataBANK0               dataBANK0    000000
__HdataBANK1               dataBANK1    000000
__HdataCOMRAM              dataCOMRAM   000000
__Heeprom_data             eeprom_data  000000
__Hend_init                end_init     00101A
__Hfarbss                  farbss       000000
__Hfardata                 fardata      000000
__Hibigdata                ibigdata     000000
__Hidata                   idata        000000
__HidataBANK0              idataBANK0   000000
__HidataBANK1              idataBANK1   000000
__HidataCOMRAM             idataCOMRAM  000000
__Hidloc                   idloc        200008
__Hifardata                ifardata     000000
__Hinit                    init         001016
__Hintcode                 intcode      001016
__Hintcode_body            intcode_body 000000
__Hintcodelo               intcodelo    001016
__Hintentry                intentry     000000
__Hintret                  intret       000000
__Hintsave_regs            intsave_regs 000000
__Hirdata                  irdata       000000
__Hmediumconst             mediumconst  000000
__HnvFARRAM                nvFARRAM     000000
__Hnvbit                   nvbit        000000
__Hnvrram                  nvrram       000000
__Hparam                   rparam       000000
__Hpowerup                 powerup      001016
__Hram                     ram          000000
__Hramtop                  ramtop       000800
__Hrbit                    rbit         000000
__Hrbss                    rbss         000000
__Hrdata                   rdata        000000
__Hreset_vec               reset_vec    001004
__Hrparam                  rparam       000000
__Hsfr                     sfr          000000
__Hsmallconst              smallconst   00102E
__Hspace_0                 (abs)        30000E
__Hspace_1                 (abs)        0001CD
__Hspace_2                 (abs)        000000
__Hstack                   stack        000000
__Hstruct                  struct       000000
__Htemp                    temp         000043
__Htext                    text         000000
__Htext0                   text0        000000
__Htext1                   text1        000000
__Htext10                  text10       000000
__Htext11                  text11       000000
__Htext12                  text12       000000
__Htext13                  text13       000000
__Htext15                  text15       000000
__Htext16                  text16       000000
__Htext17                  text17       000000
__Htext18                  text18       000000
__Htext19                  text19       000000
__Htext2                   text2        000000
__Htext20                  text20       000000
__Htext3                   text3        000000
__Htext4                   text4        000000
__Htext5                   text5        000000
__Htext6                   text6        000000
__Htext7                   text7        000000
__Htext8                   text8        000000
__Htext9                   text9        000000
__LRAM                     (abs)        000001
__Labs1                    abs1         000000
__Lbank0                   bank0        000000
__Lbank1                   bank1        000000
__Lbank2                   bank2        000000
__Lbank3                   bank3        000000
__Lbank4                   bank4        000000
__Lbank5                   bank5        000000
__Lbank6                   bank6        000000
__Lbank7                   bank7        000000
__Lbigbss                  bigbss       000000
__Lbigdata                 bigdata      000000
__Lbigram                  bigram       000000
__Lbss                     bss          000000
__LbssBANK0                bssBANK0     000000
__LbssCOMRAM               bssCOMRAM    000000
__Lcinit                   cinit        000000
__Lclrtext                 clrtext      000000
__Lcomram                  comram       000000
__Lconfig                  config       300000
__Lconst                   const        000000
__LcstackBANK0             cstackBANK0  000000
__LcstackBANK1             cstackBANK1  000000
__LcstackCOMRAM            cstackCOMRAM 000000
__Ldata                    data         000000
__LdataBANK0               dataBANK0    000000
__LdataBANK1               dataBANK1    000000
__LdataCOMRAM              dataCOMRAM   000000
__Leeprom_data             eeprom_data  000000
__Lend_init                end_init     001016
__Lfarbss                  farbss       000000
__Lfardata                 fardata      000000
__Libigdata                ibigdata     000000
__Lidata                   idata        000000
__LidataBANK0              idataBANK0   000000
__LidataBANK1              idataBANK1   000000
__LidataCOMRAM             idataCOMRAM  000000
__Lidloc                   idloc        200000
__Lifardata                ifardata     000000
__Linit                    init         001016
__Lintcode                 intcode      001008
__Lintcode_body            intcode_body 000000
__Lintcodelo               intcodelo    001016
__Lintentry                intentry     000000
__Lintret                  intret       000000
__Lintsave_regs            intsave_regs 000000
__Lirdata                  irdata       000000
__Lmediumconst             mediumconst  000000
__LnvFARRAM                nvFARRAM     000000
__Lnvbit                   nvbit        000000
__Lnvrram                  nvrram       000000
__Lparam                   rparam       000000
__Lpowerup                 powerup      001016
__Lram                     ram          000000
__Lramtop                  ramtop       000800
__Lrbit                    rbit         000000
__Lrbss                    rbss         000000
__Lrdata                   rdata        000000
__Lreset_vec               reset_vec    001000
__Lrparam                  rparam       000000
__Lsfr                     sfr          000000
__Lsmallconst              smallconst   00101A
__Lspace_0                 (abs)        000000
__Lspace_1                 (abs)        000000
__Lspace_2                 (abs)        000000
__Lstack                   stack        000000
__Lstruct                  struct       000000
__Ltemp                    temp         000042
__Ltext                    text         000000
__Ltext0                   text0        000000
__Ltext1                   text1        000000
__Ltext10                  text10       000000
__Ltext11                  text11       000000
__Ltext12                  text12       000000
__Ltext13                  text13       000000
__Ltext15                  text15       000000
__Ltext16                  text16       000000
__Ltext17                  text17       000000
__Ltext18                  text18       000000
__Ltext19                  text19       000000
__Ltext2                   text2        000000
__Ltext20                  text20       000000
__Ltext3                   text3        000000
__Ltext4                   text4        000000
__Ltext5                   text5        000000
__Ltext6                   text6        000000
__Ltext7                   text7        000000
__Ltext8                   text8        000000
__Ltext9                   text9        000000
__S0                       (abs)        30000E
__S1                       (abs)        0001CD
__S2                       (abs)        000000
___awdiv                   text20       001D1A
___awdiv@counter           cstackCOMRAM 000005
___awdiv@dividend          cstackCOMRAM 000001
___awdiv@divisor           cstackCOMRAM 000003
___awdiv@quotient          cstackCOMRAM 000007
___awdiv@sign              cstackCOMRAM 000006
___inthi_sp                stack        000000
___intlo_sp                stack        000000
___param_bank              (abs)        000010
___rparam_used             (abs)        000001
___sp                      stack        000000
___wmul                    text13       002080
___wmul@multiplicand       cstackBANK0  000062
___wmul@multiplier         cstackBANK0  000060
___wmul@product            cstackBANK0  000064
__accesstop                (abs)        000060
__activetblptr             (abs)        000002
__end_of_CompartDtime      text6        001A3C
__end_of_CompartEtime      text5        001912
__end_of_CompartFtime      text4        0017E8
__end_of_ISR_Timer0_Int    intcode_body 001508
__end_of_SetupAlarmTime    text3        001E9C
__end_of_SetupTime         text2        0016BE
__end_of___awdiv           text20       001D9E
__end_of___wmul            text13       0020B6
__end_of__initialization   cinit        001C88
__end_of_char_2_int        text12       001F16
__end_of_delay_ms          text11       002042
__end_of_getkey            text10       002080
__end_of_int_2_char        text19       001F8C
__end_of_lcd_init          text1        001E1E
__end_of_lcd_strobe        text9        0020DC
__end_of_lcd_write_cmd     text8        001D1A
__end_of_lcd_write_data    text7        001AE8
__end_of_main              text0        001306
__end_ofgetkey@F4444       smallconst   00102D
__end_ofi2___wmul          text18       002102
__end_ofi2_lcd_strobe      text17       002124
__end_ofi2_lcd_write_cmd   text16       001FFC
__end_ofi2_lcd_write_data  text15       001B7C
__initialization           cinit        001C10
__mediumconst              mediumconst  000000
__pbssBANK0                bssBANK0     000098
__pbssCOMRAM               bssCOMRAM    000038
__pcinit                   cinit        001C10
__pcstackBANK0             cstackBANK0  000060
__pcstackBANK1             cstackBANK1  000193
__pcstackCOMRAM            cstackCOMRAM 000001
__pdataBANK0               dataBANK0    0000B3
__pdataBANK1               dataBANK1    000100
__pdataCOMRAM              dataCOMRAM   000023
__pidataBANK0              idataBANK0   002139
__pidataBANK1              idataBANK1   001B7C
__pidataCOMRAM             idataCOMRAM  002124
__pintcode                 intcode      001008
__pintcode_body            intcode_body 001306
__psmallconst              smallconst   00101A
__ptext0                   text0        00102E
__ptext1                   text1        001D9E
__ptext10                  text10       002042
__ptext11                  text11       001FFC
__ptext12                  text12       001E9C
__ptext13                  text13       002080
__ptext15                  text15       001AE8
__ptext16                  text16       001F8C
__ptext17                  text17       002102
__ptext18                  text18       0020DC
__ptext19                  text19       001F16
__ptext2                   text2        001508
__ptext20                  text20       001D1A
__ptext3                   text3        001E1E
__ptext4                   text4        0016BE
__ptext5                   text5        0017E8
__ptext6                   text6        001912
__ptext7                   text7        001A3C
__ptext8                   text8        001C96
__ptext9                   text9        0020B6
__ramtop                   ramtop       000800
__size_of_CompartDtime     (abs)        000000
__size_of_CompartEtime     (abs)        000000
__size_of_CompartFtime     (abs)        000000
__size_of_ISR_Timer0_Int   (abs)        000000
__size_of_SetupAlarmTime   (abs)        000000
__size_of_SetupTime        (abs)        000000
__size_of___awdiv          (abs)        000000
__size_of___wmul           (abs)        000000
__size_of_char_2_int       (abs)        000000
__size_of_delay_ms         (abs)        000000
__size_of_getkey           (abs)        000000
__size_of_int_2_char       (abs)        000000
__size_of_lcd_init         (abs)        000000
__size_of_lcd_strobe       (abs)        000000
__size_of_lcd_write_cmd    (abs)        000000
__size_of_lcd_write_data   (abs)        000000
__size_of_main             (abs)        000000
__size_ofi2___wmul         (abs)        000000
__size_ofi2_lcd_strobe     (abs)        000000
__size_ofi2_lcd_write_cmd  (abs)        000000
__size_ofi2_lcd_write_data (abs)        000000
__smallconst               smallconst   00101A
_char_2_int                text12       001E9C
_delay_ms                  text11       001FFC
_fArr                      bssBANK0     000098
_getkey                    text10       002042
_hour                      bssCOMRAM    000038
_hourA                     bssCOMRAM    00003A
_hourD                     bssBANK0     0000A0
_hourE                     bssBANK0     0000A2
_hourF                     bssBANK0     0000A4
_int_2_char                text19       001F16
_lcd_init                  text1        001D9E
_lcd_strobe                text9        0020B6
_lcd_write_cmd             text8        001C96
_lcd_write_data            text7        001A3C
_main                      text0        00102E
_minute                    bssCOMRAM    00003C
_minuteA                   bssCOMRAM    00003E
_minuteD                   bssBANK0     0000A6
_minuteE                   bssBANK0     0000A8
_minuteF                   bssBANK0     0000AA
_second                    bssCOMRAM    000040
_snooze_D                  bssBANK0     0000AC
_snooze_E                  bssBANK0     0000AE
_snooze_F                  bssBANK0     0000B0
btemp                      temp         000042
char_2_int@char1           cstackBANK0  000060
char_2_int@int1            cstackBANK0  000061
delay_ms@i                 cstackBANK0  000060
delay_ms@j                 cstackBANK0  000063
displayAlarmOff@F4541      dataBANK1    00013F
displayDlarmOn@F4536       dataBANK1    000154
end_of_initialization      cinit        001C88
getkey@F4444               smallconst   00101B
getkey@keycode             cstackBANK0  000072
getkey@lookup              cstackBANK0  000060
i2___wmul                  text18       0020DC
i2___wmul@multiplicand     cstackCOMRAM 000003
i2___wmul@multiplier       cstackCOMRAM 000001
i2___wmul@product          cstackCOMRAM 000005
i2_lcd_strobe              text17       002102
i2_lcd_write_cmd           text16       001F8C
i2_lcd_write_data          text15       001AE8
i2lcd_write_cmd@cmd        cstackCOMRAM 000003
i2lcd_write_cmd@temp2      cstackCOMRAM 000004
i2lcd_write_data@data      cstackCOMRAM 000003
i2lcd_write_data@temp1     cstackCOMRAM 000004
int$flags                  temp         000042
int_2_char@char1           cstackCOMRAM 000002
int_2_char@int1            cstackCOMRAM 000001
int_func                   intcode_body 001306
intlevel0                  text         000000
intlevel1                  text         000000
intlevel2                  text         000000
intlevel3                  text         000000
lcd_init@i                 cstackBANK0  000065
lcd_write_cmd@cmd          cstackBANK0  000062
lcd_write_cmd@temp2        cstackBANK0  000063
lcd_write_data@data        cstackBANK0  000062
lcd_write_data@temp1       cstackBANK0  000063
main@F4550                 dataBANK1    000169
main@F4552                 dataBANK1    00017E
main@Message               cstackBANK1  000193
main@Message1              cstackBANK1  0001A8
main@ctemp                 cstackBANK1  0001CA
main@displayUpdated        cstackBANK1  0001C9
main@msgindex              cstackBANK1  0001CC
main@outchar               cstackBANK1  0001CB
main@setup                 cstackBANK1  0001BD
stackhi                    (abs)        0007FF
stacklo                    (abs)        0001CD
start                      init         001016
start_initialization       cinit        001C10


FUNCTION INFORMATION:

 *************** function _main *****************
 Defined at:
		line 300 in file "Test2.c"
 Parameters:    Size  Location     Type
		None
 Auto vars:     Size  Location     Type
  Message1       21   21[BANK1 ] unsigned char [21]
  Message        21    0[BANK1 ] unsigned char [21]
  setup          12   42[BANK1 ] int [6]
  msgindex        1   57[BANK1 ] unsigned char 
  outchar         1   56[BANK1 ] unsigned char 
  ctemp           1   55[BANK1 ] unsigned char 
  displayUpdat    1   54[BANK1 ] unsigned char 
 Return value:  Size  Location     Type
		None               void
 Registers used:
		wreg, fsr1l, fsr1h, fsr2l, fsr2h, status,2, status,0, tblptrl, tblptrh, tblptru, prodl, prodh, cstack
 Tracked objects:
		On entry : 
		On exit  : 
		Unchanged: 
 Data sizes:     COMRAM   BANK0   BANK1   BANK2   BANK3   BANK4   BANK5   BANK6   BANK7
      Params:         0       0       0       0       0       0       0       0       0
      Locals:         0       0      58       0       0       0       0       0       0
      Temps:          0       1       0       0       0       0       0       0       0
      Totals:         0       1      58       0       0       0       0       0       0
Total ram usage:       59 bytes
 Hardware stack levels required when called:    6
 This function calls:
		_CompartDtime
		_CompartEtime
		_CompartFtime
		_SetupAlarmTime
		_SetupTime
		_getkey
		_lcd_init
		_lcd_write_cmd
		_lcd_write_data
 This function is called by:
		Startup code after reset
 This function uses a non-reentrant model


 *************** function _lcd_init *****************
 Defined at:
		line 83 in file "lcd_utilities.c"
 Parameters:    Size  Location     Type
		None
 Auto vars:     Size  Location     Type
  i               2    5[BANK0 ] int 
 Return value:  Size  Location     Type
		None               void
 Registers used:
		wreg, status,2, status,0, cstack
 Tracked objects:
		On entry : 
		On exit  : 
		Unchanged: 
 Data sizes:     COMRAM   BANK0   BANK1   BANK2   BANK3   BANK4   BANK5   BANK6   BANK7
      Params:         0       0       0       0       0       0       0       0       0
      Locals:         0       2       0       0       0       0       0       0       0
      Temps:          0       1       0       0       0       0       0       0       0
      Totals:         0       3       0       0       0       0       0       0       0
Total ram usage:        3 bytes
 Hardware stack levels used:    1
 Hardware stack levels required when called:    5
 This function calls:
		_lcd_write_cmd
 This function is called by:
		_main
 This function uses a non-reentrant model


 *************** function _SetupTime *****************
 Defined at:
		line 118 in file "Test2.c"
 Parameters:    Size  Location     Type
  setuptime       2   19[BANK0 ] PTR int 
		 -> main@setup(12), 
 Auto vars:     Size  Location     Type
  i               2   46[BANK0 ] int 
  Message        21   23[BANK0 ] unsigned char [21]
  second1         2    0        int 
  second10        2    0        int 
  minute1         2    0        int 
  minute10        2    0        int 
  hour1           2    0        int 
  hour10          2    0        int 
  msgindex        1   48[BANK0 ] unsigned char 
  ctemp           1   45[BANK0 ] unsigned char 
  outchar         1   44[BANK0 ] unsigned char 
 Return value:  Size  Location     Type
		None               void
 Registers used:
		wreg, fsr1l, fsr1h, fsr2l, fsr2h, status,2, status,0, tblptrl, tblptrh, tblptru, prodl, prodh, cstack
 Tracked objects:
		On entry : 
		On exit  : 
		Unchanged: 
 Data sizes:     COMRAM   BANK0   BANK1   BANK2   BANK3   BANK4   BANK5   BANK6   BANK7
      Params:         0       2       0       0       0       0       0       0       0
      Locals:         0      26       0       0       0       0       0       0       0
      Temps:          0       2       0       0       0       0       0       0       0
      Totals:         0      30       0       0       0       0       0       0       0
Total ram usage:       30 bytes
 Hardware stack levels used:    1
 Hardware stack levels required when called:    5
 This function calls:
		___wmul
		_char_2_int
		_delay_ms
		_getkey
		_lcd_write_cmd
		_lcd_write_data
 This function is called by:
		_main
 This function uses a non-reentrant model


 *************** function _SetupAlarmTime *****************
 Defined at:
		line 151 in file "Test2.c"
 Parameters:    Size  Location     Type
		None
 Auto vars:     Size  Location     Type
  Message        21   19[BANK0 ] unsigned char [21]
  msgindex        1   42[BANK0 ] unsigned char 
  ctemp           1   41[BANK0 ] unsigned char 
  outchar         1   40[BANK0 ] unsigned char 
  minute1         1    0        unsigned char 
  minute10        1    0        unsigned char 
  hour1           1    0        unsigned char 
  hour10          1    0        unsigned char 
 Return value:  Size  Location     Type
		None               void
 Registers used:
		wreg, fsr1l, fsr1h, fsr2l, fsr2h, status,2, status,0, tblptrl, tblptrh, tblptru, prodl, prodh, cstack
 Tracked objects:
		On entry : 
		On exit  : 
		Unchanged: 
 Data sizes:     COMRAM   BANK0   BANK1   BANK2   BANK3   BANK4   BANK5   BANK6   BANK7
      Params:         0       0       0       0       0       0       0       0       0
      Locals:         0      24       0       0       0       0       0       0       0
      Temps:          0       0       0       0       0       0       0       0       0
      Totals:         0      24       0       0       0       0       0       0       0
Total ram usage:       24 bytes
 Hardware stack levels used:    1
 Hardware stack levels required when called:    5
 This function calls:
		_delay_ms
		_getkey
		_lcd_write_cmd
		_lcd_write_data
 This function is called by:
		_main
 This function uses a non-reentrant model


 *************** function _CompartFtime *****************
 Defined at:
		line 179 in file "Test2.c"
 Parameters:    Size  Location     Type
		None
 Auto vars:     Size  Location     Type
  i               2   44[BANK0 ] int 
  Message        21   21[BANK0 ] unsigned char [21]
  msgindex        1   46[BANK0 ] unsigned char 
  ctemp           1   43[BANK0 ] unsigned char 
  outchar         1   42[BANK0 ] unsigned char 
 Return value:  Size  Location     Type
		None               void
 Registers used:
		wreg, fsr1l, fsr1h, fsr2l, fsr2h, status,2, status,0, tblptrl, tblptrh, tblptru, prodl, prodh, cstack
 Tracked objects:
		On entry : 
		On exit  : 
		Unchanged: 
 Data sizes:     COMRAM   BANK0   BANK1   BANK2   BANK3   BANK4   BANK5   BANK6   BANK7
      Params:         0       0       0       0       0       0       0       0       0
      Locals:         0      26       0       0       0       0       0       0       0
      Temps:          0       2       0       0       0       0       0       0       0
      Totals:         0      28       0       0       0       0       0       0       0
Total ram usage:       28 bytes
 Hardware stack levels used:    1
 Hardware stack levels required when called:    5
 This function calls:
		___wmul
		_char_2_int
		_delay_ms
		_getkey
		_lcd_write_cmd
		_lcd_write_data
 This function is called by:
		_main
 This function uses a non-reentrant model


 *************** function _CompartEtime *****************
 Defined at:
		line 209 in file "Test2.c"
 Parameters:    Size  Location     Type
		None
 Auto vars:     Size  Location     Type
  i               2   52[BANK0 ] int 
  Message        21   21[BANK0 ] unsigned char [21]
  eArr            8   42[BANK0 ] int [4]
  msgindex        1   54[BANK0 ] unsigned char 
  ctemp           1   51[BANK0 ] unsigned char 
  outchar         1   50[BANK0 ] unsigned char 
 Return value:  Size  Location     Type
		None               void
 Registers used:
		wreg, fsr1l, fsr1h, fsr2l, fsr2h, status,2, status,0, tblptrl, tblptrh, tblptru, prodl, prodh, cstack
 Tracked objects:
		On entry : 
		On exit  : 
		Unchanged: 
 Data sizes:     COMRAM   BANK0   BANK1   BANK2   BANK3   BANK4   BANK5   BANK6   BANK7
      Params:         0       0       0       0       0       0       0       0       0
      Locals:         0      34       0       0       0       0       0       0       0
      Temps:          0       2       0       0       0       0       0       0       0
      Totals:         0      36       0       0       0       0       0       0       0
Total ram usage:       36 bytes
 Hardware stack levels used:    1
 Hardware stack levels required when called:    5
 This function calls:
		___wmul
		_char_2_int
		_delay_ms
		_getkey
		_lcd_write_cmd
		_lcd_write_data
 This function is called by:
		_main
 This function uses a non-reentrant model


 *************** function _CompartDtime *****************
 Defined at:
		line 240 in file "Test2.c"
 Parameters:    Size  Location     Type
		None
 Auto vars:     Size  Location     Type
  i               2   52[BANK0 ] int 
  Message        21   21[BANK0 ] unsigned char [21]
  dArr            8   42[BANK0 ] int [4]
  msgindex        1   54[BANK0 ] unsigned char 
  ctemp           1   51[BANK0 ] unsigned char 
  outchar         1   50[BANK0 ] unsigned char 
 Return value:  Size  Location     Type
		None               void
 Registers used:
		wreg, fsr1l, fsr1h, fsr2l, fsr2h, status,2, status,0, tblptrl, tblptrh, tblptru, prodl, prodh, cstack
 Tracked objects:
		On entry : 
		On exit  : 
		Unchanged: 
 Data sizes:     COMRAM   BANK0   BANK1   BANK2   BANK3   BANK4   BANK5   BANK6   BANK7
      Params:         0       0       0       0       0       0       0       0       0
      Locals:         0      34       0       0       0       0       0       0       0
      Temps:          0       2       0       0       0       0       0       0       0
      Totals:         0      36       0       0       0       0       0       0       0
Total ram usage:       36 bytes
 Hardware stack levels used:    1
 Hardware stack levels required when called:    5
 This function calls:
		___wmul
		_char_2_int
		_delay_ms
		_getkey
		_lcd_write_cmd
		_lcd_write_data
 This function is called by:
		_main
 This function uses a non-reentrant model


 *************** function _lcd_write_data *****************
 Defined at:
		line 43 in file "lcd_utilities.c"
 Parameters:    Size  Location     Type
  data            1    wreg     unsigned char 
 Auto vars:     Size  Location     Type
  data            1    2[BANK0 ] unsigned char 
  temp1           1    3[BANK0 ] unsigned char 
 Return value:  Size  Location     Type
		None               void
 Registers used:
		wreg, status,2, status,0, cstack
 Tracked objects:
		On entry : 
		On exit  : 
		Unchanged: 
 Data sizes:     COMRAM   BANK0   BANK1   BANK2   BANK3   BANK4   BANK5   BANK6   BANK7
      Params:         0       0       0       0       0       0       0       0       0
      Locals:         0       2       0       0       0       0       0       0       0
      Temps:          0       1       0       0       0       0       0       0       0
      Totals:         0       3       0       0       0       0       0       0       0
Total ram usage:        3 bytes
 Hardware stack levels used:    1
 Hardware stack levels required when called:    4
 This function calls:
		_lcd_strobe
 This function is called by:
		_SetupTime
		_SetupAlarmTime
		_CompartFtime
		_CompartEtime
		_CompartDtime
		_main
		_displayDlarmOn
		_displayAlarmOff
 This function uses a non-reentrant model


 *************** function _lcd_write_cmd *****************
 Defined at:
		line 18 in file "lcd_utilities.c"
 Parameters:    Size  Location     Type
  cmd             1    wreg     unsigned char 
 Auto vars:     Size  Location     Type
  cmd             1    2[BANK0 ] unsigned char 
  temp2           1    3[BANK0 ] unsigned char 
 Return value:  Size  Location     Type
		None               void
 Registers used:
		wreg, status,2, status,0, cstack
 Tracked objects:
		On entry : 
		On exit  : 
		Unchanged: 
 Data sizes:     COMRAM   BANK0   BANK1   BANK2   BANK3   BANK4   BANK5   BANK6   BANK7
      Params:         0       0       0       0       0       0       0       0       0
      Locals:         0       2       0       0       0       0       0       0       0
      Temps:          0       1       0       0       0       0       0       0       0
      Totals:         0       3       0       0       0       0       0       0       0
Total ram usage:        3 bytes
 Hardware stack levels used:    1
 Hardware stack levels required when called:    4
 This function calls:
		_lcd_strobe
 This function is called by:
		_lcd_init
		_SetupTime
		_SetupAlarmTime
		_CompartFtime
		_CompartEtime
		_CompartDtime
		_main
		_displayDlarmOn
		_displayAlarmOff
 This function uses a non-reentrant model


 *************** function _lcd_strobe *****************
 Defined at:
		line 73 in file "lcd_utilities.c"
 Parameters:    Size  Location     Type
		None
 Auto vars:     Size  Location     Type
		None
 Return value:  Size  Location     Type
		None               void
 Registers used:
		wreg
 Tracked objects:
		On entry : 
		On exit  : 
		Unchanged: 
 Data sizes:     COMRAM   BANK0   BANK1   BANK2   BANK3   BANK4   BANK5   BANK6   BANK7
      Params:         0       0       0       0       0       0       0       0       0
      Locals:         0       0       0       0       0       0       0       0       0
      Temps:          0       1       0       0       0       0       0       0       0
      Totals:         0       1       0       0       0       0       0       0       0
Total ram usage:        1 bytes
 Hardware stack levels used:    1
 Hardware stack levels required when called:    3
 This function calls:
		Nothing
 This function is called by:
		_lcd_write_cmd
		_lcd_write_data
 This function uses a non-reentrant model


 *************** function _getkey *****************
 Defined at:
		line 17 in file "keypad_utilities.c"
 Parameters:    Size  Location     Type
		None
 Auto vars:     Size  Location     Type
  lookup         18    0[BANK0 ] const unsigned char [18]
  keycode         1   18[BANK0 ] unsigned char 
 Return value:  Size  Location     Type
                  1    wreg      unsigned char 
 Registers used:
		wreg, fsr2l, fsr2h, status,2, status,0, tblptrl, tblptrh, tblptru, prodl, prodh
 Tracked objects:
		On entry : 
		On exit  : 
		Unchanged: 
 Data sizes:     COMRAM   BANK0   BANK1   BANK2   BANK3   BANK4   BANK5   BANK6   BANK7
      Params:         0       0       0       0       0       0       0       0       0
      Locals:         0      19       0       0       0       0       0       0       0
      Temps:          0       0       0       0       0       0       0       0       0
      Totals:         0      19       0       0       0       0       0       0       0
Total ram usage:       19 bytes
 Hardware stack levels used:    1
 Hardware stack levels required when called:    3
 This function calls:
		Nothing
 This function is called by:
		_SetupTime
		_SetupAlarmTime
		_CompartFtime
		_CompartEtime
		_CompartDtime
		_main
 This function uses a non-reentrant model


 *************** function _delay_ms *****************
 Defined at:
		line 10 in file "delays_utilities.c"
 Parameters:    Size  Location     Type
  i               2    0[BANK0 ] unsigned int 
 Auto vars:     Size  Location     Type
  j               2    3[BANK0 ] unsigned int 
 Return value:  Size  Location     Type
		None               void
 Registers used:
		wreg, status,2, status,0
 Tracked objects:
		On entry : 
		On exit  : 
		Unchanged: 
 Data sizes:     COMRAM   BANK0   BANK1   BANK2   BANK3   BANK4   BANK5   BANK6   BANK7
      Params:         0       2       0       0       0       0       0       0       0
      Locals:         0       2       0       0       0       0       0       0       0
      Temps:          0       1       0       0       0       0       0       0       0
      Totals:         0       5       0       0       0       0       0       0       0
Total ram usage:        5 bytes
 Hardware stack levels used:    1
 Hardware stack levels required when called:    3
 This function calls:
		Nothing
 This function is called by:
		_SetupTime
		_SetupAlarmTime
		_CompartFtime
		_CompartEtime
		_CompartDtime
 This function uses a non-reentrant model


 *************** function _char_2_int *****************
 Defined at:
		line 46 in file "Test2.c"
 Parameters:    Size  Location     Type
  char1           1    wreg     unsigned char 
 Auto vars:     Size  Location     Type
  char1           1    0[BANK0 ] unsigned char 
  int1            1    1[BANK0 ] unsigned char 
 Return value:  Size  Location     Type
                  1    wreg      unsigned char 
 Registers used:
		wreg, status,2, status,0
 Tracked objects:
		On entry : 
		On exit  : 
		Unchanged: 
 Data sizes:     COMRAM   BANK0   BANK1   BANK2   BANK3   BANK4   BANK5   BANK6   BANK7
      Params:         0       0       0       0       0       0       0       0       0
      Locals:         0       2       0       0       0       0       0       0       0
      Temps:          0       0       0       0       0       0       0       0       0
      Totals:         0       2       0       0       0       0       0       0       0
Total ram usage:        2 bytes
 Hardware stack levels used:    1
 Hardware stack levels required when called:    3
 This function calls:
		Nothing
 This function is called by:
		_SetupTime
		_CompartFtime
		_CompartEtime
		_CompartDtime
 This function uses a non-reentrant model


 *************** function ___wmul *****************
 Defined at:
		line 15 in file "D:\02School Applications\MAPLABX xc8 compiler\sources\common\Umul16.c"
 Parameters:    Size  Location     Type
  multiplier      2    0[BANK0 ] unsigned int 
  multiplicand    2    2[BANK0 ] unsigned int 
 Auto vars:     Size  Location     Type
  product         2    4[BANK0 ] unsigned int 
 Return value:  Size  Location     Type
                  2    0[BANK0 ] unsigned int 
 Registers used:
		wreg, status,2, status,0, prodl, prodh
 Tracked objects:
		On entry : 
		On exit  : 
		Unchanged: 
 Data sizes:     COMRAM   BANK0   BANK1   BANK2   BANK3   BANK4   BANK5   BANK6   BANK7
      Params:         0       4       0       0       0       0       0       0       0
      Locals:         0       2       0       0       0       0       0       0       0
      Temps:          0       0       0       0       0       0       0       0       0
      Totals:         0       6       0       0       0       0       0       0       0
Total ram usage:        6 bytes
 Hardware stack levels used:    1
 Hardware stack levels required when called:    3
 This function calls:
		Nothing
 This function is called by:
		_SetupTime
		_CompartFtime
		_CompartEtime
		_CompartDtime
 This function uses a non-reentrant model


 *************** function _ISR_Timer0_Int *****************
 Defined at:
		line 66 in file "Test2.c"
 Parameters:    Size  Location     Type
		None
 Auto vars:     Size  Location     Type
  setup          12    0        int [6]
  second10        2   32[COMRAM] int 
  minute10        2   30[COMRAM] int 
  hour10          2   28[COMRAM] int 
  second1         2   26[COMRAM] int 
  minute1         2   24[COMRAM] int 
  hour1           2   22[COMRAM] int 
 Return value:  Size  Location     Type
		None               void
 Registers used:
		wreg, status,2, status,0, prodl, prodh, cstack
 Tracked objects:
		On entry : 
		On exit  : 
		Unchanged: 
 Data sizes:     COMRAM   BANK0   BANK1   BANK2   BANK3   BANK4   BANK5   BANK6   BANK7
      Params:         0       0       0       0       0       0       0       0       0
      Locals:        12       0       0       0       0       0       0       0       0
      Temps:         14       0       0       0       0       0       0       0       0
      Totals:        26       0       0       0       0       0       0       0       0
Total ram usage:       26 bytes
 Hardware stack levels used:    1
 Hardware stack levels required when called:    2
 This function calls:
		___awdiv
		_int_2_char
		i2___wmul
		i2_lcd_write_cmd
		i2_lcd_write_data
 This function is called by:
		Interrupt level 2
 This function uses a non-reentrant model


 *************** function i2_lcd_write_data *****************
 Defined at:
		line 43 in file "lcd_utilities.c"
 Parameters:    Size  Location     Type
  data            1    wreg     unsigned char 
 Auto vars:     Size  Location     Type
  data            1    2[COMRAM] unsigned char 
  lcd_write_da    1    3[COMRAM] unsigned char 
 Return value:  Size  Location     Type
		None               void
 Registers used:
		wreg, status,2, status,0, cstack
 Tracked objects:
		On entry : 
		On exit  : 
		Unchanged: 
 Data sizes:     COMRAM   BANK0   BANK1   BANK2   BANK3   BANK4   BANK5   BANK6   BANK7
      Params:         0       0       0       0       0       0       0       0       0
      Locals:         2       0       0       0       0       0       0       0       0
      Temps:          1       0       0       0       0       0       0       0       0
      Totals:         3       0       0       0       0       0       0       0       0
Total ram usage:        3 bytes
 Hardware stack levels used:    1
 Hardware stack levels required when called:    1
 This function calls:
		i2_lcd_strobe
 This function is called by:
		_ISR_Timer0_Int
 This function uses a non-reentrant model


 *************** function i2_lcd_write_cmd *****************
 Defined at:
		line 18 in file "lcd_utilities.c"
 Parameters:    Size  Location     Type
  cmd             1    wreg     unsigned char 
 Auto vars:     Size  Location     Type
  cmd             1    2[COMRAM] unsigned char 
  lcd_write_cm    1    3[COMRAM] unsigned char 
 Return value:  Size  Location     Type
		None               void
 Registers used:
		wreg, status,2, status,0, cstack
 Tracked objects:
		On entry : 
		On exit  : 
		Unchanged: 
 Data sizes:     COMRAM   BANK0   BANK1   BANK2   BANK3   BANK4   BANK5   BANK6   BANK7
      Params:         0       0       0       0       0       0       0       0       0
      Locals:         2       0       0       0       0       0       0       0       0
      Temps:          1       0       0       0       0       0       0       0       0
      Totals:         3       0       0       0       0       0       0       0       0
Total ram usage:        3 bytes
 Hardware stack levels used:    1
 Hardware stack levels required when called:    1
 This function calls:
		i2_lcd_strobe
 This function is called by:
		_ISR_Timer0_Int
 This function uses a non-reentrant model


 *************** function i2_lcd_strobe *****************
 Defined at:
		line 73 in file "lcd_utilities.c"
 Parameters:    Size  Location     Type
		None
 Auto vars:     Size  Location     Type
		None
 Return value:  Size  Location     Type
		None               void
 Registers used:
		wreg
 Tracked objects:
		On entry : 
		On exit  : 
		Unchanged: 
 Data sizes:     COMRAM   BANK0   BANK1   BANK2   BANK3   BANK4   BANK5   BANK6   BANK7
      Params:         0       0       0       0       0       0       0       0       0
      Locals:         0       0       0       0       0       0       0       0       0
      Temps:          1       0       0       0       0       0       0       0       0
      Totals:         1       0       0       0       0       0       0       0       0
Total ram usage:        1 bytes
 Hardware stack levels used:    1
 This function calls:
		Nothing
 This function is called by:
		i2_lcd_write_cmd
		i2_lcd_write_data
 This function uses a non-reentrant model


 *************** function i2___wmul *****************
 Defined at:
		line 15 in file "D:\02School Applications\MAPLABX xc8 compiler\sources\common\Umul16.c"
 Parameters:    Size  Location     Type
  multiplier      2    0[COMRAM] unsigned int 
  multiplicand    2    2[COMRAM] unsigned int 
 Auto vars:     Size  Location     Type
  __wmul          2    4[COMRAM] unsigned int 
 Return value:  Size  Location     Type
                  2    0[COMRAM] unsigned int 
 Registers used:
		wreg, status,2, status,0, prodl, prodh
 Tracked objects:
		On entry : 
		On exit  : 
		Unchanged: 
 Data sizes:     COMRAM   BANK0   BANK1   BANK2   BANK3   BANK4   BANK5   BANK6   BANK7
      Params:         4       0       0       0       0       0       0       0       0
      Locals:         2       0       0       0       0       0       0       0       0
      Temps:          0       0       0       0       0       0       0       0       0
      Totals:         6       0       0       0       0       0       0       0       0
Total ram usage:        6 bytes
 Hardware stack levels used:    1
 This function calls:
		Nothing
 This function is called by:
		_ISR_Timer0_Int
 This function uses a non-reentrant model


 *************** function _int_2_char *****************
 Defined at:
		line 26 in file "Test2.c"
 Parameters:    Size  Location     Type
  int1            1    wreg     unsigned char 
 Auto vars:     Size  Location     Type
  int1            1    0[COMRAM] unsigned char 
  char1           1    1[COMRAM] unsigned char 
 Return value:  Size  Location     Type
                  1    wreg      unsigned char 
 Registers used:
		wreg, status,2, status,0
 Tracked objects:
		On entry : 
		On exit  : 
		Unchanged: 
 Data sizes:     COMRAM   BANK0   BANK1   BANK2   BANK3   BANK4   BANK5   BANK6   BANK7
      Params:         0       0       0       0       0       0       0       0       0
      Locals:         2       0       0       0       0       0       0       0       0
      Temps:          0       0       0       0       0       0       0       0       0
      Totals:         2       0       0       0       0       0       0       0       0
Total ram usage:        2 bytes
 Hardware stack levels used:    1
 This function calls:
		Nothing
 This function is called by:
		_ISR_Timer0_Int
 This function uses a non-reentrant model


 *************** function ___awdiv *****************
 Defined at:
		line 8 in file "D:\02School Applications\MAPLABX xc8 compiler\sources\common\awdiv.c"
 Parameters:    Size  Location     Type
  dividend        2    0[COMRAM] int 
  divisor         2    2[COMRAM] int 
 Auto vars:     Size  Location     Type
  quotient        2    6[COMRAM] int 
  sign            1    5[COMRAM] unsigned char 
  counter         1    4[COMRAM] unsigned char 
 Return value:  Size  Location     Type
                  2    0[COMRAM] int 
 Registers used:
		wreg, status,2, status,0
 Tracked objects:
		On entry : 
		On exit  : 
		Unchanged: 
 Data sizes:     COMRAM   BANK0   BANK1   BANK2   BANK3   BANK4   BANK5   BANK6   BANK7
      Params:         4       0       0       0       0       0       0       0       0
      Locals:         4       0       0       0       0       0       0       0       0
      Temps:          0       0       0       0       0       0       0       0       0
      Totals:         8       0       0       0       0       0       0       0       0
Total ram usage:        8 bytes
 Hardware stack levels used:    1
 This function calls:
		Nothing
 This function is called by:
		_ISR_Timer0_Int
 This function uses a non-reentrant model



MODULE INFORMATION

Module		Function		Class		Link	Load	Size
Test2.c
		_int_2_char    		CODE           	1F16	0000	119
		_ISR_Timer0_Int		CODE           	1008	0000	529
		_char_2_int    		CODE           	1E9C	0000	123
		_CompartDtime  		CODE           	1912	0000	299
		_CompartEtime  		CODE           	17E8	0000	299
		_CompartFtime  		CODE           	16BE	0000	299
		_main          		CODE           	102E	0000	729
		_SetupAlarmTime		CODE           	1E1E	0000	127
		_SetupTime     		CODE           	1508	0000	439

Test2.c estimated size: 2963

lcd_utilities.c
		_lcd_write_data		CODE           	1A3C	0000	173
		_lcd_write_cmd 		CODE           	1C96	0000	133
		_lcd_strobe    		CODE           	20B6	0000	39
		_lcd_init      		CODE           	1D9E	0000	129

lcd_utilities.c estimated size: 474

keypad_utilities.c
		_getkey        		CODE           	2042	0000	63

keypad_utilities.c estimated size: 63

D:\02School Applications\MAPLABX xc8 compiler\sources\common\awdiv.c
		___awdiv       		CODE           	1D1A	0000	133

D:\02School Applications\MAPLABX xc8 compiler\sources\common\awdiv.c estimated size: 133

shared
		i2_lcd_write_cmd		CODE           	1F8C	0000	113
		i2___wmul      		CODE           	20DC	0000	39
		__initialization		CODE           	1C10	0000	121
		i2_lcd_write_data		CODE           	1AE8	0000	149
		i2_lcd_strobe  		CODE           	2102	0000	35
		getkey@F4444   		SMALLCONST     	101B	0000	19

shared estimated size: 476

delays_utilities.c
		_delay_ms      		CODE           	1FFC	0000	71

delays_utilities.c estimated size: 71

D:\02School Applications\MAPLABX xc8 compiler\sources\common\Umul16.c
		___wmul        		CODE           	2080	0000	55

D:\02School Applications\MAPLABX xc8 compiler\sources\common\Umul16.c estimated size: 55

